// Jest Snapshot v1, https://goo.gl/fbAQLP

exports[`Films should match snapshot 1`] = `
<FilmsPanel>
  <div>
    <h1>
      Film list
    </h1>
    <div
      className="films"
    />
  </div>
</FilmsPanel>
`;
